Starting in 3s...
Starting in 2s...
Starting in 1s...
GO!
norm[0.04,0.98,0.00]  STRAIGHT  err=-3.9  L=116  R=148
norm[0.02,1.00,0.02]  STRAIGHT  err=0.4  L=142  R=118
norm[0.01,0.98,0.02]  STRAIGHT  err=0.8  L=128  R=135
norm[0.04,0.98,0.02]  STRAIGHT  err=-1.5  L=101  R=150
norm[0.04,0.98,0.01]  STRAIGHT  err=-3.1  L=106  R=150
norm[0.10,0.90,0.02]  STRAIGHT  err=-7.5  L=133  R=128
norm[0.62,0.48,0.00]  LEFT      err=-56.2  L=30  R=150
norm[0.63,0.07,0.00]  LEFT      err=-89.8  L=36  R=150
norm[0.10,0.02,0.00]  SEARCH*   err=-80.0  L=3  R=150
norm[0.22,0.00,0.01]  LEFT      err=-89.5  L=51  R=150
norm[0.95,0.07,0.01]  LEFT      err=-91.8  L=65  R=150
norm[0.04,1.00,0.02]  STRAIGHT  err=-1.9  L=150  R=101
norm[0.00,0.48,0.41]  RIGHT     err=45.7  L=150  R=68
norm[0.00,0.46,0.39]  RIGHT     err=46.0  L=150  R=107
norm[0.02,0.46,0.40]  RIGHT     err=43.2  L=139  R=121
norm[0.01,0.44,0.42]  RIGHT     err=47.7  L=150  R=107
norm[0.01,0.50,0.32]  RIGHT     err=37.5  L=122  R=141
norm[0.00,0.60,0.24]  RIGHT     err=28.6  L=150  R=101
norm[0.00,0.70,0.16]  RIGHT     err=18.9  L=150  R=94
norm[0.01,0.75,0.11]  RIGHT     err=11.5  L=119  R=146
norm[0.01,0.85,0.11]  RIGHT     err=10.7  L=141  R=119
norm[0.01,0.88,0.07]  STRAIGHT  err=6.3  L=137  R=123
norm[0.02,0.92,0.05]  STRAIGHT  err=3.2  L=95  R=150
norm[0.00,0.98,0.03]  STRAIGHT  err=2.4  L=115  R=150
norm[0.04,0.98,0.02]  STRAIGHT  err=-2.3  L=124  R=139
norm[0.03,0.90,0.00]  STRAIGHT  err=-3.4  L=129  R=134
norm[0.12,0.84,0.00]  LEFT      err=-12.1  L=91  R=150
norm[0.16,0.75,0.02]  LEFT      err=-14.5  L=129  R=133
norm[0.31,0.55,0.00]  LEFT      err=-36.1  L=68  R=150
norm[0.32,0.53,0.00]  LEFT      err=-37.6  L=58  R=150
norm[0.28,0.56,0.00]  LEFT      err=-33.6  L=80  R=150
norm[0.20,0.62,0.00]  LEFT      err=-24.8  L=100  R=150
norm[0.13,0.76,0.00]  LEFT      err=-14.3  L=115  R=149
norm[0.12,0.84,0.00]  LEFT      err=-12.2  L=79  R=150
norm[0.06,0.95,0.02]  STRAIGHT  err=-4.3  L=118  R=147
norm[0.01,0.98,0.03]  STRAIGHT  err=2.0  L=129  R=133
norm[0.02,0.96,0.04]  STRAIGHT  err=1.6  L=104  R=150
norm[0.03,0.88,0.07]  STRAIGHT  err=4.1  L=87  R=150
norm[0.00,0.87,0.09]  STRAIGHT  err=8.7  L=123  R=140
norm[0.00,0.83,0.10]  RIGHT     err=10.8  L=126  R=137
norm[0.02,0.78,0.13]  RIGHT     err=12.1  L=121  R=143
norm[0.02,0.63,0.20]  RIGHT     err=20.9  L=114  R=150
norm[0.00,0.54,0.32]  RIGHT     err=36.9  L=150  R=96
norm[0.00,0.44,0.42]  RIGHT     err=48.4  L=150  R=91
norm[0.02,0.41,0.45]  RIGHT     err=49.3  L=125  R=139
norm[0.00,0.49,0.34]  RIGHT     err=40.2  L=145  R=114
norm[0.03,0.64,0.19]  RIGHT     err=18.7  L=53  R=150
norm[0.02,0.84,0.12]  RIGHT     err=11.1  L=108  R=150
norm[0.07,1.00,0.01]  STRAIGHT  err=-5.6  L=76  R=150
norm[0.84,0.16,0.00]  LEFT      err=-83.3  L=15  R=150
norm[0.04,0.00,0.01]  SEARCH*   err=-80.0  L=3  R=150
norm[0.01,0.00,0.00]  SEARCH*   err=-80.0  L=3  R=150
norm[0.52,0.00,0.00]  LEFT      err=-100.0  L=30  R=150
norm[0.42,0.39,0.00]  LEFT      err=-51.5  L=130  R=132
norm[0.04,0.96,0.04]  STRAIGHT  err=0.0  L=99  R=150
norm[0.00,0.70,0.16]  RIGHT     err=18.6  L=127  R=135
norm[0.01,0.80,0.12]  RIGHT     err=12.0  L=150  R=104
norm[0.04,0.94,0.07]  STRAIGHT  err=3.1  L=121  R=143
norm[0.03,1.00,0.04]  STRAIGHT  err=1.1  L=150  R=85
norm[0.04,0.98,0.00]  STRAIGHT  err=-3.9  L=99  R=150
norm[0.04,0.95,0.00]  STRAIGHT  err=-4.0  L=90  R=150
norm[0.05,0.95,0.01]  STRAIGHT  err=-3.6  L=102  R=150
norm[0.04,0.98,0.00]  STRAIGHT  err=-3.5  L=123  R=140
norm[0.17,0.78,0.00]  LEFT      err=-17.6  L=47  R=150
norm[1.00,0.30,0.00]  LEFT      err=-76.9  L=37  R=150
norm[0.31,0.00,0.00]  LEFT      err=-98.7  L=-59  R=150
norm[0.08,0.01,0.01]  SEARCH*   err=-80.0  L=3  R=150
norm[0.66,0.02,0.00]  LEFT      err=-97.6  L=41  R=150
norm[0.30,0.56,0.00]  LEFT      err=-35.0  L=144  R=115
norm[0.00,0.75,0.23]  RIGHT     err=23.2  L=150  R=31
norm[0.00,0.43,0.44]  RIGHT     err=50.5  L=150  R=102
norm[0.02,0.48,0.40]  RIGHT     err=42.4  L=119  R=146
norm[0.00,0.45,0.42]  RIGHT     err=48.4  L=150  R=78
norm[0.01,0.46,0.39]  RIGHT     err=44.0  L=136  R=125
norm[0.00,0.54,0.28]  RIGHT     err=33.8  L=131  R=131
norm[0.00,0.67,0.18]  RIGHT     err=21.2  L=110  R=150
norm[0.00,0.74,0.12]  RIGHT     err=14.4  L=115  R=150
norm[0.02,0.82,0.09]  STRAIGHT  err=8.2  L=108  R=150
norm[0.02,0.87,0.10]  STRAIGHT  err=7.3  L=126  R=137
norm[0.01,0.93,0.06]  STRAIGHT  err=4.8  L=113  R=150
norm[0.00,0.94,0.06]  STRAIGHT  err=5.6  L=150  R=108
norm[0.02,0.98,0.04]  STRAIGHT  err=1.5  L=132  R=130
norm[0.06,0.96,0.01]  STRAIGHT  err=-4.6  L=96  R=150
norm[0.09,0.90,0.00]  STRAIGHT  err=-8.9  L=114  R=150
norm[0.14,0.74,0.00]  LEFT      err=-15.8  L=129  R=134
norm[0.24,0.61,0.00]  LEFT      err=-27.9  L=79  R=150
norm[0.30,0.57,0.02]  LEFT      err=-31.2  L=128  R=135
norm[0.30,0.55,0.01]  LEFT      err=-33.6  L=109  R=150
norm[0.28,0.59,0.00]  LEFT      err=-32.1  L=29  R=150
norm[0.19,0.65,0.00]  LEFT      err=-22.7  L=101  R=150
norm[0.15,0.80,0.00]  LEFT      err=-15.6  L=67  R=150
norm[0.08,0.89,0.01]  STRAIGHT  err=-7.3  L=79  R=150
norm[0.03,0.99,0.02]  STRAIGHT  err=-0.8  L=148  R=110
norm[0.03,1.00,0.04]  STRAIGHT  err=0.4  L=109  R=150
norm[0.02,0.93,0.03]  STRAIGHT  err=1.6  L=104  R=150
norm[0.01,0.85,0.09]  STRAIGHT  err=8.4  L=129  R=133
norm[0.01,0.84,0.09]  STRAIGHT  err=8.5  L=114  R=150
norm[0.01,0.81,0.14]  RIGHT     err=13.4  L=134  R=127
norm[0.00,0.74,0.18]  RIGHT     err=19.3  L=150  R=68
norm[0.00,0.60,0.26]  RIGHT     err=29.9  L=150  R=75
norm[0.00,0.50,0.34]  RIGHT     err=40.0  L=150  R=100
norm[0.00,0.46,0.42]  RIGHT     err=47.7  L=150  R=81
norm[0.00,0.40,0.38]  RIGHT     err=48.7  L=150  R=80
norm[0.00,0.56,0.27]  RIGHT     err=32.5  L=150  R=98
norm[0.00,0.67,0.17]  RIGHT     err=19.9  L=112  R=150
norm[0.00,0.89,0.10]  RIGHT     err=10.1  L=142  R=117
norm[0.66,0.66,0.00]  LEFT      err=-50.2  L=38  R=150
norm[0.32,0.03,0.00]  LEFT      err=-90.8  L=50  R=150
norm[0.01,0.00,0.00]  SEARCH*   err=-80.0  L=3  R=150
norm[0.08,0.00,0.00]  SEARCH*   err=-80.0  L=3  R=150
norm[0.96,0.01,0.00]  LEFT      err=-99.2  L=30  R=150
norm[0.10,0.86,0.00]  LEFT      err=-10.4  L=140  R=120
norm[0.00,0.77,0.17]  RIGHT     err=17.9  L=150  R=93
norm[0.02,0.72,0.16]  RIGHT     err=16.4  L=105  R=150
norm[0.03,0.92,0.07]  STRAIGHT  err=4.0  L=79  R=150
norm[0.02,0.98,0.02]  STRAIGHT  err=-0.4  L=99  R=150
norm[0.02,0.98,0.01]  STRAIGHT  err=-0.8  L=126  R=137
norm[0.03,0.96,0.01]  STRAIGHT  err=-2.0  L=121  R=143
norm[0.02,1.00,0.02]  STRAIGHT  err=0.4  L=145  R=114
norm[0.04,1.00,0.02]  STRAIGHT  err=-1.5  L=81  R=150
norm[0.04,0.95,0.00]  STRAIGHT  err=-4.4  L=103  R=150
norm[0.50,0.57,0.02]  LEFT      err=-43.2  L=78  R=150
norm[0.71,0.09,0.00]  LEFT      err=-88.6  L=51  R=150
norm[0.10,0.01,0.00]  SEARCH*   err=-80.0  L=3  R=150
norm[0.20,0.00,0.01]  LEFT      err=-92.2  L=-18  R=150
norm[0.98,0.00,0.00]  LEFT      err=-100.0  L=22  R=150
norm[0.15,0.88,0.01]  LEFT      err=-13.5  L=127  R=135
norm[0.01,0.58,0.36]  RIGHT     err=37.0  L=150  R=82
norm[0.01,0.43,0.43]  RIGHT     err=47.9  L=150  R=83
norm[0.00,0.47,0.40]  RIGHT     err=45.8  L=150  R=107
